<html>
<body>
<pre>
<h1>µVision Build Log</h1>
<h2>Tool Versions:</h2>
IDE-Version: ¦ÌVision V5.42.0.0
Copyright (C) 2025 ARM Ltd and ARM Germany GmbH. All rights reserved.
License Information: RRICKK Rick, RRRIICK, LIC=D0D7S-LNEP8-636MB-28P0M-LE2BJ-T1H66
 
Tool Versions:
Toolchain:       MDK-ARM Plus  Version: 5.42.0.0
Toolchain Path:  E:\Keil_v5\ARM\ARM5\Bin
C Compiler:      Armcc.exe V5.06 update 7 (build 960)
Assembler:       Armasm.exe V5.06 update 7 (build 960)
Linker/Locator:  ArmLink.exe V5.06 update 7 (build 960)
Library Manager: ArmAr.exe V5.06 update 7 (build 960)
Hex Converter:   FromElf.exe V5.06 update 7 (build 960)
CPU DLL:         SARMCM3.DLL V5.42.0.0
Dialog DLL:      DCM.DLL V1.17.5.0
Target DLL:      STLink\ST-LINKIII-KEIL_SWO.dll V3.3.0.0
Dialog DLL:      TCM.DLL V1.56.6.0
 
<h2>Project:</h2>
E:\waist_project\STM32L4_waist\MDK-ARM\NEW_Waist.uvprojx
Project File Date:  03/31/2026

<h2>Output:</h2>
*** Using Compiler 'V5.06 update 7 (build 960)', folder: 'E:\Keil_v5\ARM\ARM5\Bin'
Rebuild target 'NEW_Waist'
assembling startup_stm32l4r5xx.s...
compiling usb_otg.c...
compiling stm32l4xx_hal_adc.c...
compiling stm32l4xx_hal.c...
compiling adc.c...
compiling tim.c...
compiling stm32l4xx_hal_timebase_tim.c...
compiling stm32l4xx_it.c...
../Drivers/Bsp_Drivers/driver_log.h(93): warning:  #14-D: extra text after expected end of preprocessing directive
  #endif  DEBUG_PRINT_ENABLED
../Drivers/Bsp_Drivers/driver_log.h(148): warning:  #1-D: last line of file ends without a newline
  #endif /* __PRINT_H */
../Core/Src/stm32l4xx_it.c: 2 warnings, 0 errors
compiling dma.c...
compiling main.c...
../Drivers/Bsp_Drivers/driver_log.h(93): warning:  #14-D: extra text after expected end of preprocessing directive
  #endif  DEBUG_PRINT_ENABLED
../Drivers/Bsp_Drivers/driver_log.h(148): warning:  #1-D: last line of file ends without a newline
  #endif /* __PRINT_H */
../Drivers/Bsp_Drivers/driver_actuator.h(60): warning:  #1-D: last line of file ends without a newline
  #endif
../Drivers/Bsp_Drivers/driver_shell.h(31): warning:  #1295-D: Deprecated declaration Shell_Exec - give arg types
  void Shell_Exec();
../Core/Src/main.c: 4 warnings, 0 errors
compiling stm32l4xx_hal_msp.c...
compiling usart.c...
compiling gpio.c...
compiling stm32l4xx_hal_adc_ex.c...
compiling freertos.c...
../Drivers/Bsp_Drivers/driver_actuator.h(60): warning:  #1-D: last line of file ends without a newline
  #endif
../Drivers/Bsp_Drivers/driver_log.h(93): warning:  #14-D: extra text after expected end of preprocessing directive
  #endif  DEBUG_PRINT_ENABLED
../Drivers/Bsp_Drivers/driver_log.h(148): warning:  #1-D: last line of file ends without a newline
  #endif /* __PRINT_H */
../Drivers/Bsp_Drivers/driver_shell.h(31): warning:  #1295-D: Deprecated declaration Shell_Exec - give arg types
  void Shell_Exec();
../Drivers/Bsp_Drivers/driver_frame.h(90): warning:  #1-D: last line of file ends without a newline
  #endif // __DRIVER_FRAME_H__
../Core/Src/freertos.c: 5 warnings, 0 errors
compiling stm32l4xx_hal_rcc.c...
compiling stm32l4xx_hal_flash_ex.c...
compiling stm32l4xx_hal_flash.c...
compiling stm32l4xx_hal_rcc_ex.c...
compiling stm32l4xx_hal_flash_ramfunc.c...
compiling stm32l4xx_hal_gpio.c...
compiling stm32l4xx_hal_pwr.c...
compiling stm32l4xx_hal_i2c.c...
compiling croutine.c...
compiling event_groups.c...
compiling stm32l4xx_hal_dma_ex.c...
compiling stm32l4xx_hal_dma.c...
compiling list.c...
compiling stm32l4xx_hal_cortex.c...
compiling stream_buffer.c...
compiling queue.c...
compiling tasks.c...
compiling timers.c...
compiling heap_4.c...
compiling stm32l4xx_hal_i2c_ex.c...
compiling port.c...
compiling stm32l4xx_hal_pwr_ex.c...
compiling stm32l4xx_hal_exti.c...
compiling stm32l4xx_hal_uart.c...
compiling Alg_pid.c...
compiling stm32l4xx_hal_pcd.c...
compiling stm32l4xx_hal_uart_ex.c...
compiling stm32l4xx_hal_tim_ex.c...
compiling stm32l4xx_hal_pcd_ex.c...
compiling stm32l4xx_hal_tim.c...
compiling driver_log.c...
..\Drivers\Bsp_Drivers\driver_log.h(93): warning:  #14-D: extra text after expected end of preprocessing directive
  #endif  DEBUG_PRINT_ENABLED
..\Drivers\Bsp_Drivers\driver_log.h(148): warning:  #1-D: last line of file ends without a newline
  #endif /* __PRINT_H */
..\Drivers\Bsp_Drivers\driver_log.c(155): warning:  #1-D: last line of file ends without a newline
  }
..\Drivers\Bsp_Drivers\driver_log.c: 3 warnings, 0 errors
compiling system_stm32l4xx.c...
compiling driver_actuator.c...
..\Drivers\Bsp_Drivers\driver_actuator.h(60): warning:  #1-D: last line of file ends without a newline
  #endif
..\Drivers\Bsp_Drivers\driver_actuator.c(94): warning:  #1-D: last line of file ends without a newline
  }
..\Drivers\Bsp_Drivers\driver_actuator.c: 2 warnings, 0 errors
compiling driver_ESP01s.c...
..\Drivers\Bsp_Drivers\driver_log.h(93): warning:  #14-D: extra text after expected end of preprocessing directive
  #endif  DEBUG_PRINT_ENABLED
..\Drivers\Bsp_Drivers\driver_log.h(148): warning:  #1-D: last line of file ends without a newline
  #endif /* __PRINT_H */
..\Drivers\Bsp_Drivers\driver_actuator.h(60): warning:  #1-D: last line of file ends without a newline
  #endif
..\Drivers\Bsp_Drivers\driver_frame.h(90): warning:  #1-D: last line of file ends without a newline
  #endif // __DRIVER_FRAME_H__
..\Drivers\Bsp_Drivers\driver_ESP01s.c: 4 warnings, 0 errors
compiling driver_shell.c...
..\Drivers\Bsp_Drivers\driver_log.h(93): warning:  #14-D: extra text after expected end of preprocessing directive
  #endif  DEBUG_PRINT_ENABLED
..\Drivers\Bsp_Drivers\driver_log.h(148): warning:  #1-D: last line of file ends without a newline
  #endif /* __PRINT_H */
..\Drivers\Bsp_Drivers\driver_actuator.h(60): warning:  #1-D: last line of file ends without a newline
  #endif
..\Drivers\Bsp_Drivers\driver_shell.h(31): warning:  #1295-D: Deprecated declaration Shell_Exec - give arg types
  void Shell_Exec();
..\Drivers\Bsp_Drivers\driver_shell.c(151): warning:  #223-D: function "isspace" declared implicitly
          if (args_copy[i] == '\r' || args_copy[i] == '\n' || isspace((unsigned char)args_copy[i])) {
..\Drivers\Bsp_Drivers\driver_shell.c(162): warning:  #223-D: function "isspace" declared implicitly
          while (*p && isspace((unsigned char)*p)) p++;
..\Drivers\Bsp_Drivers\driver_shell.c(168): warning:  #223-D: function "isspace" declared implicitly
          while (*p && !isspace((unsigned char)*p)) p++;
..\Drivers\Bsp_Drivers\driver_shell.c: 7 warnings, 0 errors
compiling driver_frame.c...
..\Drivers\Bsp_Drivers\driver_actuator.h(60): warning:  #1-D: last line of file ends without a newline
  #endif
..\Drivers\Bsp_Drivers\driver_log.h(93): warning:  #14-D: extra text after expected end of preprocessing directive
  #endif  DEBUG_PRINT_ENABLED
..\Drivers\Bsp_Drivers\driver_log.h(148): warning:  #1-D: last line of file ends without a newline
  #endif /* __PRINT_H */
..\Drivers\Bsp_Drivers\driver_frame.h(90): warning:  #1-D: last line of file ends without a newline
  #endif // __DRIVER_FRAME_H__
..\Drivers\Bsp_Drivers\driver_frame.c(225): warning:  #1-D: last line of file ends without a newline
  }
..\Drivers\Bsp_Drivers\driver_frame.c: 5 warnings, 0 errors
compiling stm32l4xx_ll_usb.c...
compiling driver_irq.c...
..\Drivers\Bsp_Drivers\driver_actuator.h(60): warning:  #1-D: last line of file ends without a newline
  #endif
..\Drivers\Bsp_Drivers\driver_log.h(93): warning:  #14-D: extra text after expected end of preprocessing directive
  #endif  DEBUG_PRINT_ENABLED
..\Drivers\Bsp_Drivers\driver_log.h(148): warning:  #1-D: last line of file ends without a newline
  #endif /* __PRINT_H */
..\Drivers\Bsp_Drivers\driver_shell.h(31): warning:  #1295-D: Deprecated declaration Shell_Exec - give arg types
  void Shell_Exec();
..\Drivers\Bsp_Drivers\driver_irq.c(56): warning:  #1-D: last line of file ends without a newline
  }
..\Drivers\Bsp_Drivers\driver_irq.c: 5 warnings, 0 errors
compiling cmsis_os2.c...
linking...
Program Size: Code=38684 RO-data=1048 RW-data=216 ZI-data=59160  
FromELF: creating hex file...
"NEW_Waist\NEW_Waist.axf" - 0 Error(s), 37 Warning(s).

<h2>Software Packages used:</h2>

Package Vendor: ARM
                https://www.keil.com/pack/ARM.CMSIS.6.1.0.pack
                ARM::CMSIS@6.1.0
                CMSIS (Common Microcontroller Software Interface Standard)
   * Component: CORE Version: 6.1.0

Package Vendor: Keil
                https://www.keil.com/pack/Keil.STM32L4xx_DFP.3.1.0.pack
                Keil::STM32L4xx_DFP@3.1.0
                STMicroelectronics STM32L4 Series Device Support

<h2>Collection of Component include folders:</h2>
  ./RTE/_NEW_Waist
  E:/Packs/ARM/CMSIS/6.1.0/CMSIS/Core/Include

<h2>Collection of Component Files used:</h2>

   * Component: ARM::CMSIS:CORE@6.1.0
      Include file:  CMSIS/Core/Include/tz_context.h
Build Time Elapsed:  00:00:58
</pre>
</body>
</html>
